// Jest Snapshot v1, https://goo.gl/fbAQLP

exports[`Password Reset Api create() parse the returned data correctly (with #$id) 1`] = `
{
  "expires_at": /* DateTime Instance => */ "2025-05-03 12:40:00",
  "resend_at": /* DateTime Instance => */ "2025-05-03 12:31:00",
}
`;

exports[`Password Reset Api verify() parse the returned data correctly (with #$id) 1`] = `
{
  "expires_at": /* DateTime Instance => */ "2025-05-03 12:41:01",
  "token": "eyJ0eXAiOiJKV1QiLCJhbGciOiJIUzI1NiJ9.eyJzY29wZSI6InBhc3N3b3JkLXJlc2V0IiwiaWF0IjoxNzQ2Mjc1NDYxLCJleHAiOjE3NDYyNzYwNjEsImZwdCI6IjBkMTRiYjdjY2I5YWQ4NTE3YjEyOGUwZWVhNGQ1MzE3IiwiZW1haWwiOiJhbGV4LmR1cG9udEBsb3h5YS5jb20iLCJzdWIiOjN9.ssr9XlHnXcehjOhwgQnP_8IHiK77mWnq05bKiFJsNJc",
}
`;
